// Jest Snapshot v1, https://goo.gl/fbAQLP

exports[`<Popover /> snapshot should display only one popover at all time 1`] = `
<div>
  <button
    class="md-button-simple-wrapper"
    type="button"
  >
    <span>
      Popover 1
    </span>
  </button>
  <button
    class="md-button-simple-wrapper"
    type="button"
  >
    <span>
      Popover 2
    </span>
  </button>
  <button
    class="md-button-simple-wrapper"
    type="button"
  >
    <span>
      Other button
    </span>
  </button>
</div>
`;

exports[`<Popover /> snapshot should display only one popover at all time 2`] = `
<div>
  <button
    aria-describedby="tippy-11"
    class="md-button-simple-wrapper"
    type="button"
  >
    <span>
      Popover 1
    </span>
  </button>
  <button
    class="md-button-simple-wrapper"
    type="button"
  >
    <span>
      Popover 2
    </span>
  </button>
  <button
    class="md-button-simple-wrapper"
    type="button"
  >
    <span>
      Other button
    </span>
  </button>
  <div
    data-tippy-root=""
    id="tippy-11"
    style="pointer-events: none; z-index: 9999; position: fixed; left: 0px; top: 0px; margin: 0px; bottom: 0px; transform: translate(0px, 0px);"
  >
    <div
      aria-modal="false"
      class="md-modal-container-wrapper"
      data-arrow-orientation="vertical"
      data-color="primary"
      data-elevation="3"
      data-padded="true"
      data-placement="top"
      data-round="50"
      role="dialog"
    >
      <p>
        Content 1
      </p>
      <div
        class="md-modal-container-arrow-wrapper"
        data-popper-arrow="true"
        id="arrow1"
        style="position: absolute; left: 0px; transform: translate(5px, 0px);"
      >
        <svg
          aria-hidden="true"
          class="md-modal-arrow-svg"
          data-placement="top"
          height="12"
          viewBox="0 0 24 12"
          width="24"
          xmlns="http://www.w3.org/svg/2000"
        >
          <defs>
            <clippath
              id="modal-arrow-cut-stroke-top"
            >
              <path
                d="m 24 0 l -10 10 q -2 2 -4 0 l -10 -10"
              />
            </clippath>
          </defs>
          <path
            clip-path="url(#modal-arrow-cut-stroke-top)"
            d="m 24 0 l -10 10 q -2 2 -4 0 l -10 -10"
            data-color="primary"
          />
        </svg>
      </div>
    </div>
  </div>
  <div
    aria-hidden="true"
    class="md-popover-backdrop"
  />
</div>
`;

exports[`<Popover /> snapshot should display only one popover at all time 3`] = `
<div>
  <button
    class="md-button-simple-wrapper"
    type="button"
  >
    <span>
      Popover 1
    </span>
  </button>
  <button
    aria-describedby="tippy-12"
    class="md-button-simple-wrapper"
    type="button"
  >
    <span>
      Popover 2
    </span>
  </button>
  <button
    class="md-button-simple-wrapper"
    type="button"
  >
    <span>
      Other button
    </span>
  </button>
  <div
    data-tippy-root=""
    id="tippy-12"
    style="pointer-events: none; z-index: 9999; position: fixed; left: 0px; top: 0px; margin: 0px; bottom: 0px; transform: translate(0px, 0px);"
  >
    <div
      aria-modal="false"
      class="md-modal-container-wrapper"
      data-arrow-orientation="vertical"
      data-color="primary"
      data-elevation="3"
      data-padded="true"
      data-placement="top"
      data-round="50"
      role="dialog"
    >
      <p>
        Content 2
      </p>
      <div
        class="md-modal-container-arrow-wrapper"
        data-popper-arrow="true"
        id="arrow1"
        style="position: absolute; left: 0px; transform: translate(5px, 0px);"
      >
        <svg
          aria-hidden="true"
          class="md-modal-arrow-svg"
          data-placement="top"
          height="12"
          viewBox="0 0 24 12"
          width="24"
          xmlns="http://www.w3.org/svg/2000"
        >
          <defs>
            <clippath
              id="modal-arrow-cut-stroke-top"
            >
              <path
                d="m 24 0 l -10 10 q -2 2 -4 0 l -10 -10"
              />
            </clippath>
          </defs>
          <path
            clip-path="url(#modal-arrow-cut-stroke-top)"
            d="m 24 0 l -10 10 q -2 2 -4 0 l -10 -10"
            data-color="primary"
          />
        </svg>
      </div>
    </div>
  </div>
  <div
    aria-hidden="true"
    class="md-popover-backdrop"
  />
</div>
`;

exports[`<Popover /> snapshot should display only one popover at all time 4`] = `
<div>
  <button
    class="md-button-simple-wrapper"
    type="button"
  >
    <span>
      Popover 1
    </span>
  </button>
  <button
    class="md-button-simple-wrapper"
    type="button"
  >
    <span>
      Popover 2
    </span>
  </button>
  <button
    class="md-button-simple-wrapper"
    type="button"
  >
    <span>
      Other button
    </span>
  </button>
</div>
`;

exports[`<Popover /> snapshot should display only one popover at all time 5`] = `
<div>
  <button
    class="md-button-simple-wrapper"
    type="button"
  >
    <span>
      Popover 1
    </span>
  </button>
  <button
    class="md-button-simple-wrapper"
    type="button"
  >
    <span>
      Popover 2
    </span>
  </button>
  <button
    class="md-button-simple-wrapper"
    type="button"
  >
    <span>
      Other button
    </span>
  </button>
</div>
`;

exports[`<Popover /> snapshot should display only one popover at all time 6`] = `
<div>
  <button
    aria-describedby="tippy-13"
    class="md-button-simple-wrapper"
    type="button"
  >
    <span>
      Popover 1
    </span>
  </button>
  <button
    class="md-button-simple-wrapper"
    type="button"
  >
    <span>
      Popover 2
    </span>
  </button>
  <button
    class="md-button-simple-wrapper"
    type="button"
  >
    <span>
      Other button
    </span>
  </button>
  <div
    data-tippy-root=""
    id="tippy-13"
    style="pointer-events: none; z-index: 9999; position: absolute; left: 0px; top: 0px; margin: 0px; bottom: 0px; transform: translate(0px, 0px);"
  >
    <div
      aria-modal="false"
      class="md-modal-container-wrapper"
      data-arrow-orientation="vertical"
      data-color="primary"
      data-elevation="3"
      data-padded="true"
      data-placement="top"
      data-round="50"
      role="dialog"
    >
      <p>
        Content 1
      </p>
      <div
        class="md-modal-container-arrow-wrapper"
        data-popper-arrow="true"
        id="arrow1"
        style="position: absolute; left: 0px; transform: translate(5px, 0px);"
      >
        <svg
          aria-hidden="true"
          class="md-modal-arrow-svg"
          data-placement="top"
          height="12"
          viewBox="0 0 24 12"
          width="24"
          xmlns="http://www.w3.org/svg/2000"
        >
          <defs>
            <clippath
              id="modal-arrow-cut-stroke-top"
            >
              <path
                d="m 24 0 l -10 10 q -2 2 -4 0 l -10 -10"
              />
            </clippath>
          </defs>
          <path
            clip-path="url(#modal-arrow-cut-stroke-top)"
            d="m 24 0 l -10 10 q -2 2 -4 0 l -10 -10"
            data-color="primary"
          />
        </svg>
      </div>
    </div>
  </div>
  <div
    aria-hidden="true"
    class="md-popover-backdrop"
  />
</div>
`;

exports[`<Popover /> snapshot should display only one popover at all time 7`] = `
<div>
  <button
    class="md-button-simple-wrapper"
    type="button"
  >
    <span>
      Popover 1
    </span>
  </button>
  <button
    aria-describedby="tippy-14"
    class="md-button-simple-wrapper"
    type="button"
  >
    <span>
      Popover 2
    </span>
  </button>
  <button
    class="md-button-simple-wrapper"
    type="button"
  >
    <span>
      Other button
    </span>
  </button>
  <div
    data-tippy-root=""
    id="tippy-14"
    style="pointer-events: none; z-index: 9999; position: absolute; left: 0px; top: 0px; margin: 0px; bottom: 0px; transform: translate(0px, 0px);"
  >
    <div
      aria-modal="false"
      class="md-modal-container-wrapper"
      data-arrow-orientation="vertical"
      data-color="primary"
      data-elevation="3"
      data-padded="true"
      data-placement="top"
      data-round="50"
      role="dialog"
    >
      <p>
        Content 2
      </p>
      <div
        class="md-modal-container-arrow-wrapper"
        data-popper-arrow="true"
        id="arrow1"
        style="position: absolute; left: 0px; transform: translate(5px, 0px);"
      >
        <svg
          aria-hidden="true"
          class="md-modal-arrow-svg"
          data-placement="top"
          height="12"
          viewBox="0 0 24 12"
          width="24"
          xmlns="http://www.w3.org/svg/2000"
        >
          <defs>
            <clippath
              id="modal-arrow-cut-stroke-top"
            >
              <path
                d="m 24 0 l -10 10 q -2 2 -4 0 l -10 -10"
              />
            </clippath>
          </defs>
          <path
            clip-path="url(#modal-arrow-cut-stroke-top)"
            d="m 24 0 l -10 10 q -2 2 -4 0 l -10 -10"
            data-color="primary"
          />
        </svg>
      </div>
    </div>
  </div>
  <div
    aria-hidden="true"
    class="md-popover-backdrop"
  />
</div>
`;

exports[`<Popover /> snapshot should display only one popover at all time 8`] = `
<div>
  <button
    class="md-button-simple-wrapper"
    type="button"
  >
    <span>
      Popover 1
    </span>
  </button>
  <button
    class="md-button-simple-wrapper"
    type="button"
  >
    <span>
      Popover 2
    </span>
  </button>
  <button
    class="md-button-simple-wrapper"
    type="button"
  >
    <span>
      Other button
    </span>
  </button>
</div>
`;

exports[`<Popover /> snapshot should match snapshot 1`] = `
<div>
  <button>
    Click Me!
  </button>
</div>
`;

exports[`<Popover /> snapshot should match snapshot 2`] = `
<div>
  <button
    aria-describedby="tippy-1"
  >
    Click Me!
  </button>
  <div
    data-tippy-root=""
    id="tippy-1"
    style="pointer-events: none; z-index: 9999; position: absolute; left: 0px; top: 0px; margin: 0px; bottom: 0px; transform: translate(0px, 0px);"
  >
    <div
      aria-modal="false"
      class="md-modal-container-wrapper"
      data-arrow-orientation="vertical"
      data-color="primary"
      data-elevation="3"
      data-padded="true"
      data-placement="top"
      data-round="50"
      role="dialog"
    >
      <p>
        Content
      </p>
      <div
        class="md-modal-container-arrow-wrapper"
        data-popper-arrow="true"
        id="arrow1"
        style="position: absolute; left: 0px; transform: translate(5px, 0px);"
      >
        <svg
          aria-hidden="true"
          class="md-modal-arrow-svg"
          data-placement="top"
          height="12"
          viewBox="0 0 24 12"
          width="24"
          xmlns="http://www.w3.org/svg/2000"
        >
          <defs>
            <clippath
              id="modal-arrow-cut-stroke-top"
            >
              <path
                d="m 24 0 l -10 10 q -2 2 -4 0 l -10 -10"
              />
            </clippath>
          </defs>
          <path
            clip-path="url(#modal-arrow-cut-stroke-top)"
            d="m 24 0 l -10 10 q -2 2 -4 0 l -10 -10"
            data-color="primary"
          />
        </svg>
      </div>
    </div>
  </div>
  <div
    aria-hidden="true"
    class="md-popover-backdrop"
  />
</div>
`;

exports[`<Popover /> snapshot should match snapshot with aria-label 1`] = `
<div>
  <button
    aria-expanded="false"
    aria-haspopup="dialog"
  >
    Click Me!
  </button>
</div>
`;

exports[`<Popover /> snapshot should match snapshot with aria-label 2`] = `
<div>
  <button
    aria-expanded="true"
    aria-haspopup="dialog"
  >
    Click Me!
  </button>
  <div
    data-tippy-root=""
    id="tippy-16"
    style="z-index: 9999; position: absolute; left: 0px; top: 0px; margin: 0px; bottom: 0px; transform: translate(0px, 0px);"
  >
    <span
      data-focus-scope-start="true"
      hidden=""
    />
    <div
      aria-label="test-aria-label"
      aria-modal="true"
      class="md-modal-container-wrapper"
      data-arrow-orientation="vertical"
      data-color="primary"
      data-elevation="3"
      data-padded="true"
      data-placement="top"
      data-round="50"
      role="dialog"
    >
      <p>
        Content
      </p>
      <div
        class="md-modal-container-arrow-wrapper"
        data-popper-arrow="true"
        id="arrow1"
        style="position: absolute; left: 0px; transform: translate(5px, 0px);"
      >
        <svg
          aria-hidden="true"
          class="md-modal-arrow-svg"
          data-placement="top"
          height="12"
          viewBox="0 0 24 12"
          width="24"
          xmlns="http://www.w3.org/svg/2000"
        >
          <defs>
            <clippath
              id="modal-arrow-cut-stroke-top"
            >
              <path
                d="m 24 0 l -10 10 q -2 2 -4 0 l -10 -10"
              />
            </clippath>
          </defs>
          <path
            clip-path="url(#modal-arrow-cut-stroke-top)"
            d="m 24 0 l -10 10 q -2 2 -4 0 l -10 -10"
            data-color="primary"
          />
        </svg>
      </div>
    </div>
    <span
      data-focus-scope-end="true"
      hidden=""
    />
  </div>
  <div
    aria-hidden="true"
    class="md-popover-backdrop"
  />
</div>
`;

exports[`<Popover /> snapshot should match snapshot with aria-labelledby 1`] = `
<div>
  <button
    aria-expanded="false"
    aria-haspopup="dialog"
  >
    Click Me!
  </button>
</div>
`;

exports[`<Popover /> snapshot should match snapshot with aria-labelledby 2`] = `
<div>
  <button
    aria-expanded="true"
    aria-haspopup="dialog"
  >
    Click Me!
  </button>
  <div
    data-tippy-root=""
    id="tippy-15"
    style="z-index: 9999; position: absolute; left: 0px; top: 0px; margin: 0px; bottom: 0px; transform: translate(0px, 0px);"
  >
    <span
      data-focus-scope-start="true"
      hidden=""
    />
    <div
      aria-labelledby="test-aria-labelledby"
      aria-modal="true"
      class="md-modal-container-wrapper"
      data-arrow-orientation="vertical"
      data-color="primary"
      data-elevation="3"
      data-padded="true"
      data-placement="top"
      data-round="50"
      role="dialog"
    >
      <p>
        Content
      </p>
      <div
        class="md-modal-container-arrow-wrapper"
        data-popper-arrow="true"
        id="arrow1"
        style="position: absolute; left: 0px; transform: translate(5px, 0px);"
      >
        <svg
          aria-hidden="true"
          class="md-modal-arrow-svg"
          data-placement="top"
          height="12"
          viewBox="0 0 24 12"
          width="24"
          xmlns="http://www.w3.org/svg/2000"
        >
          <defs>
            <clippath
              id="modal-arrow-cut-stroke-top"
            >
              <path
                d="m 24 0 l -10 10 q -2 2 -4 0 l -10 -10"
              />
            </clippath>
          </defs>
          <path
            clip-path="url(#modal-arrow-cut-stroke-top)"
            d="m 24 0 l -10 10 q -2 2 -4 0 l -10 -10"
            data-color="primary"
          />
        </svg>
      </div>
    </div>
    <span
      data-focus-scope-end="true"
      hidden=""
    />
  </div>
  <div
    aria-hidden="true"
    class="md-popover-backdrop"
  />
</div>
`;

exports[`<Popover /> snapshot should match snapshot with className 1`] = `
<div>
  <button>
    Click Me!
  </button>
</div>
`;

exports[`<Popover /> snapshot should match snapshot with className 2`] = `
<div>
  <button
    aria-describedby="tippy-2"
  >
    Click Me!
  </button>
  <div
    data-tippy-root=""
    id="tippy-2"
    style="pointer-events: none; z-index: 9999; position: absolute; left: 0px; top: 0px; margin: 0px; bottom: 0px; transform: translate(0px, 0px);"
  >
    <div
      aria-modal="false"
      class="example-class md-modal-container-wrapper"
      data-arrow-orientation="vertical"
      data-color="primary"
      data-elevation="3"
      data-padded="true"
      data-placement="top"
      data-round="50"
      role="dialog"
    >
      <p>
        Content
      </p>
      <div
        class="md-modal-container-arrow-wrapper"
        data-popper-arrow="true"
        id="arrow1"
        style="position: absolute; left: 0px; transform: translate(5px, 0px);"
      >
        <svg
          aria-hidden="true"
          class="md-modal-arrow-svg"
          data-placement="top"
          height="12"
          viewBox="0 0 24 12"
          width="24"
          xmlns="http://www.w3.org/svg/2000"
        >
          <defs>
            <clippath
              id="modal-arrow-cut-stroke-top"
            >
              <path
                d="m 24 0 l -10 10 q -2 2 -4 0 l -10 -10"
              />
            </clippath>
          </defs>
          <path
            clip-path="url(#modal-arrow-cut-stroke-top)"
            d="m 24 0 l -10 10 q -2 2 -4 0 l -10 -10"
            data-color="primary"
          />
        </svg>
      </div>
    </div>
  </div>
  <div
    aria-hidden="true"
    class="md-popover-backdrop"
  />
</div>
`;

exports[`<Popover /> snapshot should match snapshot with closeButtonPlacement 1`] = `
<div>
  <button>
    Click Me!
  </button>
</div>
`;

exports[`<Popover /> snapshot should match snapshot with closeButtonPlacement 2`] = `
<div>
  <button
    aria-describedby="tippy-6"
  >
    Click Me!
  </button>
  <div
    data-tippy-root=""
    id="tippy-6"
    style="pointer-events: none; z-index: 9999; position: absolute; left: 0px; top: 0px; margin: 0px; bottom: 0px; transform: translate(0px, 0px);"
  >
    <div
      aria-modal="false"
      class="md-modal-container-wrapper"
      data-arrow-orientation="vertical"
      data-color="primary"
      data-elevation="3"
      data-padded="true"
      data-placement="top"
      data-round="50"
      role="dialog"
    >
      <button
        class="md-button-circle-wrapper md-popover-close-button md-button-simple-wrapper"
        data-color="primary"
        data-disabled="false"
        data-ghost="true"
        data-inverted="false"
        data-multiple-children="false"
        data-only-triggers-tooltip="false"
        data-outline="false"
        data-placement="top-right"
        data-shallow-disabled="false"
        data-size="20"
        type="button"
      >
        <div
          aria-hidden="true"
          class="md-icon-wrapper md-icon-auto-scales md-icon-scales md-icon-no-shrink"
          role="img"
        >
          <svg
            aria-hidden="true"
            class=""
            data-autoscale="false"
            data-scale="16"
            data-test="cancel"
            fill="currentColor"
            height="100%"
            viewBox="0, 0, 32, 32"
            width="100%"
          />
        </div>
      </button>
      <p>
        Content
      </p>
      <div
        class="md-modal-container-arrow-wrapper"
        data-popper-arrow="true"
        id="arrow1"
        style="position: absolute; left: 0px; transform: translate(5px, 0px);"
      >
        <svg
          aria-hidden="true"
          class="md-modal-arrow-svg"
          data-placement="top"
          height="12"
          viewBox="0 0 24 12"
          width="24"
          xmlns="http://www.w3.org/svg/2000"
        >
          <defs>
            <clippath
              id="modal-arrow-cut-stroke-top"
            >
              <path
                d="m 24 0 l -10 10 q -2 2 -4 0 l -10 -10"
              />
            </clippath>
          </defs>
          <path
            clip-path="url(#modal-arrow-cut-stroke-top)"
            d="m 24 0 l -10 10 q -2 2 -4 0 l -10 -10"
            data-color="primary"
          />
        </svg>
      </div>
    </div>
  </div>
  <div
    aria-hidden="true"
    class="md-popover-backdrop"
  />
</div>
`;

exports[`<Popover /> snapshot should match snapshot with color 1`] = `
<div>
  <button>
    Click Me!
  </button>
</div>
`;

exports[`<Popover /> snapshot should match snapshot with color 2`] = `
<div>
  <button
    aria-describedby="tippy-5"
  >
    Click Me!
  </button>
  <div
    data-tippy-root=""
    id="tippy-5"
    style="pointer-events: none; z-index: 9999; position: absolute; left: 0px; top: 0px; margin: 0px; bottom: 0px; transform: translate(0px, 0px);"
  >
    <div
      aria-modal="false"
      class="md-modal-container-wrapper"
      data-arrow-orientation="vertical"
      data-color="tertiary"
      data-elevation="3"
      data-padded="true"
      data-placement="top"
      data-round="50"
      role="dialog"
    >
      <p>
        Content
      </p>
      <div
        class="md-modal-container-arrow-wrapper"
        data-popper-arrow="true"
        id="arrow1"
        style="position: absolute; left: 0px; transform: translate(5px, 0px);"
      >
        <svg
          aria-hidden="true"
          class="md-modal-arrow-svg"
          data-placement="top"
          height="12"
          viewBox="0 0 24 12"
          width="24"
          xmlns="http://www.w3.org/svg/2000"
        >
          <defs>
            <clippath
              id="modal-arrow-cut-stroke-top"
            >
              <path
                d="m 24 0 l -10 10 q -2 2 -4 0 l -10 -10"
              />
            </clippath>
          </defs>
          <path
            clip-path="url(#modal-arrow-cut-stroke-top)"
            d="m 24 0 l -10 10 q -2 2 -4 0 l -10 -10"
            data-color="tertiary"
          />
        </svg>
      </div>
    </div>
  </div>
  <div
    aria-hidden="true"
    class="md-popover-backdrop"
  />
</div>
`;

exports[`<Popover /> snapshot should match snapshot with id 1`] = `
<div>
  <button>
    Click Me!
  </button>
</div>
`;

exports[`<Popover /> snapshot should match snapshot with id 2`] = `
<div>
  <button
    aria-describedby="tippy-3"
  >
    Click Me!
  </button>
  <div
    data-tippy-root=""
    id="tippy-3"
    style="pointer-events: none; z-index: 9999; position: absolute; left: 0px; top: 0px; margin: 0px; bottom: 0px; transform: translate(0px, 0px);"
  >
    <div
      aria-modal="false"
      class="md-modal-container-wrapper"
      data-arrow-orientation="vertical"
      data-color="primary"
      data-elevation="3"
      data-padded="true"
      data-placement="top"
      data-round="50"
      id="example-id"
      role="dialog"
    >
      <p>
        Content
      </p>
      <div
        class="md-modal-container-arrow-wrapper"
        data-popper-arrow="true"
        id="arrow1"
        style="position: absolute; left: 0px; transform: translate(5px, 0px);"
      >
        <svg
          aria-hidden="true"
          class="md-modal-arrow-svg"
          data-placement="top"
          height="12"
          viewBox="0 0 24 12"
          width="24"
          xmlns="http://www.w3.org/svg/2000"
        >
          <defs>
            <clippath
              id="modal-arrow-cut-stroke-top"
            >
              <path
                d="m 24 0 l -10 10 q -2 2 -4 0 l -10 -10"
              />
            </clippath>
          </defs>
          <path
            clip-path="url(#modal-arrow-cut-stroke-top)"
            d="m 24 0 l -10 10 q -2 2 -4 0 l -10 -10"
            data-color="primary"
          />
        </svg>
      </div>
    </div>
  </div>
  <div
    aria-hidden="true"
    class="md-popover-backdrop"
  />
</div>
`;

exports[`<Popover /> snapshot should match snapshot with offsetDistance 1`] = `
<div>
  <button>
    Click Me!
  </button>
</div>
`;

exports[`<Popover /> snapshot should match snapshot with offsetDistance 2`] = `
<div>
  <button
    aria-describedby="tippy-9"
  >
    Click Me!
  </button>
  <div
    data-tippy-root=""
    id="tippy-9"
    style="pointer-events: none; z-index: 9999; position: absolute; left: 0px; top: 0px; margin: 0px; bottom: 0px; transform: translate(0px, 0px);"
  >
    <div
      aria-modal="false"
      class="md-modal-container-wrapper"
      data-arrow-orientation="vertical"
      data-color="primary"
      data-elevation="3"
      data-padded="true"
      data-placement="top"
      data-round="50"
      role="dialog"
    >
      <p>
        Content
      </p>
      <div
        class="md-modal-container-arrow-wrapper"
        data-popper-arrow="true"
        id="arrow1"
        style="position: absolute; left: 0px; transform: translate(5px, 0px);"
      >
        <svg
          aria-hidden="true"
          class="md-modal-arrow-svg"
          data-placement="top"
          height="12"
          viewBox="0 0 24 12"
          width="24"
          xmlns="http://www.w3.org/svg/2000"
        >
          <defs>
            <clippath
              id="modal-arrow-cut-stroke-top"
            >
              <path
                d="m 24 0 l -10 10 q -2 2 -4 0 l -10 -10"
              />
            </clippath>
          </defs>
          <path
            clip-path="url(#modal-arrow-cut-stroke-top)"
            d="m 24 0 l -10 10 q -2 2 -4 0 l -10 -10"
            data-color="primary"
          />
        </svg>
      </div>
    </div>
  </div>
  <div
    aria-hidden="true"
    class="md-popover-backdrop"
  />
</div>
`;

exports[`<Popover /> snapshot should match snapshot with offsetSkidding 1`] = `
<div>
  <button>
    Click Me!
  </button>
</div>
`;

exports[`<Popover /> snapshot should match snapshot with offsetSkidding 2`] = `
<div>
  <button
    aria-describedby="tippy-8"
  >
    Click Me!
  </button>
  <div
    data-tippy-root=""
    id="tippy-8"
    style="pointer-events: none; z-index: 9999; position: absolute; left: 0px; top: 0px; margin: 0px; bottom: 0px; transform: translate(0px, 0px);"
  >
    <div
      aria-modal="false"
      class="md-modal-container-wrapper"
      data-arrow-orientation="vertical"
      data-color="primary"
      data-elevation="3"
      data-padded="true"
      data-placement="top"
      data-round="50"
      role="dialog"
    >
      <p>
        Content
      </p>
      <div
        class="md-modal-container-arrow-wrapper"
        data-popper-arrow="true"
        id="arrow1"
        style="position: absolute; left: 0px; transform: translate(5px, 0px);"
      >
        <svg
          aria-hidden="true"
          class="md-modal-arrow-svg"
          data-placement="top"
          height="12"
          viewBox="0 0 24 12"
          width="24"
          xmlns="http://www.w3.org/svg/2000"
        >
          <defs>
            <clippath
              id="modal-arrow-cut-stroke-top"
            >
              <path
                d="m 24 0 l -10 10 q -2 2 -4 0 l -10 -10"
              />
            </clippath>
          </defs>
          <path
            clip-path="url(#modal-arrow-cut-stroke-top)"
            d="m 24 0 l -10 10 q -2 2 -4 0 l -10 -10"
            data-color="primary"
          />
        </svg>
      </div>
    </div>
  </div>
  <div
    aria-hidden="true"
    class="md-popover-backdrop"
  />
</div>
`;

exports[`<Popover /> snapshot should match snapshot with offsetSkidding and offsetDistance 1`] = `
<div>
  <button>
    Click Me!
  </button>
</div>
`;

exports[`<Popover /> snapshot should match snapshot with offsetSkidding and offsetDistance 2`] = `
<div>
  <button
    aria-describedby="tippy-10"
  >
    Click Me!
  </button>
  <div
    data-tippy-root=""
    id="tippy-10"
    style="pointer-events: none; z-index: 9999; position: absolute; left: 0px; top: 0px; margin: 0px; bottom: 0px; transform: translate(0px, 0px);"
  >
    <div
      aria-modal="false"
      class="md-modal-container-wrapper"
      data-arrow-orientation="vertical"
      data-color="primary"
      data-elevation="3"
      data-padded="true"
      data-placement="top"
      data-round="50"
      role="dialog"
    >
      <p>
        Content
      </p>
      <div
        class="md-modal-container-arrow-wrapper"
        data-popper-arrow="true"
        id="arrow1"
        style="position: absolute; left: 0px; transform: translate(5px, 0px);"
      >
        <svg
          aria-hidden="true"
          class="md-modal-arrow-svg"
          data-placement="top"
          height="12"
          viewBox="0 0 24 12"
          width="24"
          xmlns="http://www.w3.org/svg/2000"
        >
          <defs>
            <clippath
              id="modal-arrow-cut-stroke-top"
            >
              <path
                d="m 24 0 l -10 10 q -2 2 -4 0 l -10 -10"
              />
            </clippath>
          </defs>
          <path
            clip-path="url(#modal-arrow-cut-stroke-top)"
            d="m 24 0 l -10 10 q -2 2 -4 0 l -10 -10"
            data-color="primary"
          />
        </svg>
      </div>
    </div>
  </div>
  <div
    aria-hidden="true"
    class="md-popover-backdrop"
  />
</div>
`;

exports[`<Popover /> snapshot should match snapshot with strategy = fixed 1`] = `
<div>
  <button>
    Click Me!
  </button>
</div>
`;

exports[`<Popover /> snapshot should match snapshot with strategy = fixed 2`] = `
<div>
  <button
    aria-describedby="tippy-7"
  >
    Click Me!
  </button>
  <div
    data-tippy-root=""
    id="tippy-7"
    style="pointer-events: none; z-index: 9999; position: fixed; left: 0px; top: 0px; margin: 0px; bottom: 0px; transform: translate(0px, 0px);"
  >
    <div
      aria-modal="false"
      class="md-modal-container-wrapper"
      data-arrow-orientation="vertical"
      data-color="primary"
      data-elevation="3"
      data-padded="true"
      data-placement="top"
      data-round="50"
      role="dialog"
    >
      <p>
        Content
      </p>
      <div
        class="md-modal-container-arrow-wrapper"
        data-popper-arrow="true"
        id="arrow1"
        style="position: absolute; left: 0px; transform: translate(5px, 0px);"
      >
        <svg
          aria-hidden="true"
          class="md-modal-arrow-svg"
          data-placement="top"
          height="12"
          viewBox="0 0 24 12"
          width="24"
          xmlns="http://www.w3.org/svg/2000"
        >
          <defs>
            <clippath
              id="modal-arrow-cut-stroke-top"
            >
              <path
                d="m 24 0 l -10 10 q -2 2 -4 0 l -10 -10"
              />
            </clippath>
          </defs>
          <path
            clip-path="url(#modal-arrow-cut-stroke-top)"
            d="m 24 0 l -10 10 q -2 2 -4 0 l -10 -10"
            data-color="primary"
          />
        </svg>
      </div>
    </div>
  </div>
  <div
    aria-hidden="true"
    class="md-popover-backdrop"
  />
</div>
`;

exports[`<Popover /> snapshot should match snapshot with style 1`] = `
<div>
  <button>
    Click Me!
  </button>
</div>
`;

exports[`<Popover /> snapshot should match snapshot with style 2`] = `
<div>
  <button
    aria-describedby="tippy-4"
  >
    Click Me!
  </button>
  <div
    data-tippy-root=""
    id="tippy-4"
    style="pointer-events: none; z-index: 9999; position: absolute; left: 0px; top: 0px; margin: 0px; bottom: 0px; transform: translate(0px, 0px);"
  >
    <div
      aria-modal="false"
      class="md-modal-container-wrapper"
      data-arrow-orientation="vertical"
      data-color="primary"
      data-elevation="3"
      data-padded="true"
      data-placement="top"
      data-round="50"
      role="dialog"
      style="color: pink;"
    >
      <p>
        Content
      </p>
      <div
        class="md-modal-container-arrow-wrapper"
        data-popper-arrow="true"
        id="arrow1"
        style="position: absolute; left: 0px; transform: translate(5px, 0px);"
      >
        <svg
          aria-hidden="true"
          class="md-modal-arrow-svg"
          data-placement="top"
          height="12"
          viewBox="0 0 24 12"
          width="24"
          xmlns="http://www.w3.org/svg/2000"
        >
          <defs>
            <clippath
              id="modal-arrow-cut-stroke-top"
            >
              <path
                d="m 24 0 l -10 10 q -2 2 -4 0 l -10 -10"
              />
            </clippath>
          </defs>
          <path
            clip-path="url(#modal-arrow-cut-stroke-top)"
            d="m 24 0 l -10 10 q -2 2 -4 0 l -10 -10"
            data-color="primary"
          />
        </svg>
      </div>
    </div>
  </div>
  <div
    aria-hidden="true"
    class="md-popover-backdrop"
  />
</div>
`;

exports[`<Popover /> snapshot should match snapshot with zIndex 1`] = `
<div>
  <button>
    Click Me!
  </button>
</div>
`;

exports[`<Popover /> snapshot should match snapshot with zIndex 2`] = `
<div>
  <button
    aria-describedby="tippy-17"
  >
    Click Me!
  </button>
  <div
    data-tippy-root=""
    id="tippy-17"
    style="pointer-events: none; z-index: 9998; position: absolute; left: 0px; top: 0px; margin: 0px; bottom: 0px; transform: translate(0px, 0px);"
  >
    <div
      aria-modal="false"
      class="md-modal-container-wrapper"
      data-arrow-orientation="vertical"
      data-color="primary"
      data-elevation="3"
      data-padded="true"
      data-placement="top"
      data-round="50"
      role="dialog"
    >
      <p>
        Content
      </p>
      <div
        class="md-modal-container-arrow-wrapper"
        data-popper-arrow="true"
        id="arrow1"
        style="position: absolute; left: 0px; transform: translate(5px, 0px);"
      >
        <svg
          aria-hidden="true"
          class="md-modal-arrow-svg"
          data-placement="top"
          height="12"
          viewBox="0 0 24 12"
          width="24"
          xmlns="http://www.w3.org/svg/2000"
        >
          <defs>
            <clippath
              id="modal-arrow-cut-stroke-top"
            >
              <path
                d="m 24 0 l -10 10 q -2 2 -4 0 l -10 -10"
              />
            </clippath>
          </defs>
          <path
            clip-path="url(#modal-arrow-cut-stroke-top)"
            d="m 24 0 l -10 10 q -2 2 -4 0 l -10 -10"
            data-color="primary"
          />
        </svg>
      </div>
    </div>
  </div>
  <div
    aria-hidden="true"
    class="md-popover-backdrop"
  />
</div>
`;
