// Jest Snapshot v1, https://goo.gl/fbAQLP

exports[`tests for <Slider /> should match SnapShot 1`] = `
<Slider
  canCross={false}
  className=""
  disabled={false}
  max={100}
  min={0}
  onChange={null}
  step={1}
  tick={0}
  translateFn={null}
  value={
    {
      "high": 40,
      "low": 20,
    }
  }
>
  <div
    aria-valuemax={100}
    aria-valuemin={0}
    aria-valuetext="Low is 20, high is 40"
    className="md-slider"
    role="slider"
  >
    <span
      className="md-slider__bar"
    />
    <span
      className="md-slider__selection"
      style={
        {
          "left": "20%",
          "width": "20%",
        }
      }
    />
    <SliderPointer
      onMove={[Function]}
      position={20}
    >
      <div
        className="md-slider__pointer"
        onKeyDown={[Function]}
        onMouseDown={[Function]}
        onTouchMove={[Function]}
        onTouchStart={[Function]}
        role="button"
        style={
          {
            "left": "calc(20%",
          }
        }
        tabIndex={0}
      />
    </SliderPointer>
    <SliderPointer
      onMove={[Function]}
      position={40}
    >
      <div
        className="md-slider__pointer"
        onKeyDown={[Function]}
        onMouseDown={[Function]}
        onTouchMove={[Function]}
        onTouchStart={[Function]}
        role="button"
        style={
          {
            "left": "calc(40%",
          }
        }
        tabIndex={0}
      />
    </SliderPointer>
    <div>
      <span
        className="md-slider__hashlabel"
        key="tick-0"
      >
        0
      </span>
      <span
        className="md-slider__hashlabel"
        key="tick-1"
      >
        100
      </span>
    </div>
  </div>
</Slider>
`;
