// Jest Snapshot v1, https://goo.gl/fbAQLP

exports[`tests for <MenuItem /> should render a MenuItem 1`] = `
<ContextTransform(MenuItem)
  label="one"
>
  <MenuItem
    className=""
    isHeader={false}
    isOpen={false}
    itemClassName=""
    keepMenuOpen={false}
    label="one"
    onClick={null}
    parentKeyDown={null}
    parentOnSelect={null}
  >
    <Component
      name={[Function]}
    >
      <UID
        idSource={
          {
            "prefix": "",
            "uid": [Function],
            "value": 3,
          }
        }
        name={[Function]}
      >
        <div
          aria-expanded={null}
          aria-haspopup={false}
          className="md-menu-item"
        >
          <ContextTransform(ListItem)
            active={null}
            className=""
            focusOnLoad={true}
            id="md-menu-item-1"
            isReadOnly={false}
            label="one"
            role="menuitem"
          >
            <ListItem
              active={null}
              className=""
              customAnchorNode={null}
              customRefProp=""
              disabled={false}
              eventKey=""
              focus={false}
              focusLockTabbableChildren={false}
              focusLockTabbableChildrenProps={
                {
                  "portalNodeQuery": "",
                  "tabbableChildrenHasPopover": false,
                  "tabbableChildrenQuery": "",
                }
              }
              focusOnLoad={true}
              id="md-menu-item-1"
              isReadOnly={false}
              itemIndex={null}
              keyboardKey=""
              label="one"
              link=""
              onBlur={null}
              onClick={null}
              onKeyDown={null}
              parentKeyDown={[Function]}
              parentOnSelect={[Function]}
              refName="navLink"
              role="menuitem"
              separator={false}
              specifyRoleWithoutList={false}
              title=""
              type=""
              value=""
            >
              <Component
                name={[Function]}
              >
                <UID
                  idSource={
                    {
                      "prefix": "",
                      "uid": [Function],
                      "value": 3,
                    }
                  }
                  name={[Function]}
                >
                  <div
                    className="md-list-item"
                    data-md-event-key="md-menu-item-1"
                    data-md-keyboard-key="one"
                    id="md-menu-item-1"
                    onBlur={[Function]}
                    onClick={[Function]}
                    onKeyDown={[Function]}
                    role="menuitem"
                    tabIndex={-1}
                    title="one"
                  >
                    one
                  </div>
                </UID>
              </Component>
            </ListItem>
          </ContextTransform(ListItem)>
        </div>
      </UID>
    </Component>
  </MenuItem>
</ContextTransform(MenuItem)>
`;
