// Jest Snapshot v1, https://goo.gl/fbAQLP

exports[`tests for <Accordion /> should match SnapShot 1`] = `
<Accordion
  className=""
  initialActive={[]}
  multipleVisible={false}
  onSelect={null}
  showSeparator={false}
>
  <div
    className="md-accordion"
  >
    <AccordionGroup
      className=""
      disabled={false}
      focus={true}
      isExpanded={false}
      key=".0"
      onClick={[Function]}
      onKeyDown={[Function]}
      showSeparator={false}
    >
      <div
        aria-expanded={false}
        className="md-accordion__group"
      >
        <AccordionHeader
          className=""
          disabled={false}
          focus={true}
          height=""
          key=".0"
          showSeparator={false}
        >
          <div
            className="md-accordion__header"
            onClick={[Function]}
            onKeyDown={[Function]}
            role="button"
            tabIndex={0}
          >
            <span>
              Hi
            </span>
            <span
              className="md-accordion__header-icon"
            />
          </div>
        </AccordionHeader>
        <AccordionContent
          className=""
          disabled={false}
          focus={true}
          key=".1"
          showSeparator={false}
        >
          <div
            className="md-accordion__content"
          >
            <span>
              Hello
            </span>
          </div>
        </AccordionContent>
      </div>
    </AccordionGroup>
  </div>
</Accordion>
`;
