// Jest Snapshot v1, https://goo.gl/fbAQLP

exports[`<AriaToolbarItem /> snapshot should match snapshot 1`] = `
<TestComponent>
  <ForwardRef
    itemIndex={0}
  >
    <ButtonPill
      onFocus={[Function]}
      onKeyDown={[Function]}
      onPress={[Function]}
      tabIndex={0}
      useNativeKeyDown={true}
    >
      <ButtonSimple
        aria-disabled={false}
        className="md-button-pill-wrapper"
        data-color="primary"
        data-disabled={false}
        data-ghost={false}
        data-grown={false}
        data-inverted={false}
        data-only-triggers-tooltip={false}
        data-outline={false}
        data-shallow-disabled={false}
        data-size={40}
        onFocus={[Function]}
        onKeyDown={[Function]}
        onPress={[Function]}
        tabIndex={0}
        useNativeKeyDown={true}
      >
        <FocusRing>
          <FocusRing
            focusClass="md-focus-ring-wrapper children"
            focusRingClass="md-focus-ring-wrapper children"
          >
            <button
              className="md-button-pill-wrapper md-button-simple-wrapper"
              data-color="primary"
              data-disabled={false}
              data-ghost={false}
              data-grown={false}
              data-inverted={false}
              data-only-triggers-tooltip={false}
              data-outline={false}
              data-shallow-disabled={false}
              data-size={40}
              onBlur={[Function]}
              onClick={[Function]}
              onDragStart={[Function]}
              onFocus={[Function]}
              onKeyDown={[Function]}
              onKeyUp={[Function]}
              onMouseDown={[Function]}
              onMouseEnter={[Function]}
              onMouseLeave={[Function]}
              onMouseUp={[Function]}
              onTouchCancel={[Function]}
              onTouchEnd={[Function]}
              onTouchMove={[Function]}
              onTouchStart={[Function]}
              type="button"
            >
              <span>
                Test
              </span>
            </button>
          </FocusRing>
        </FocusRing>
      </ButtonSimple>
    </ButtonPill>
  </ForwardRef>
</TestComponent>
`;
