// Jest Snapshot v1, https://goo.gl/fbAQLP

exports[`tests for <ContentItem /> should match SnapShot 1`] = `
<ContentItem
  actionNode={null}
  aspect={null}
  className=""
  content={null}
  failedText=""
  fileSize=""
  icon=""
  isProtected={false}
  loading={false}
  loadingText="Loading"
  style={null}
  subtitle=""
  title=""
  type="chat"
>
  <div>
    <ChatContentItem
      actionNode={null}
      aspect="sixteenNine"
      className=""
      content={null}
      fileSize=""
      gifIcon=""
      isProtected={false}
      loading={false}
      onClick={null}
      style={null}
      subtitle=""
      title=""
      type="chat"
    >
      <div
        className="md-content__chat-inner-container md-content__chat-sixteen-nine"
        type="chat"
      >
        <div
          className=" md-content-file--full"
          onClick={null}
          onKeyDown={[Function]}
          role="presentation"
          style={
            {
              "backgroundImage": null,
            }
          }
        />
        <div
          className="md-content__hover"
        >
          <div
            className="md-content__hover-files"
          >
            <span
              className="md-content__hover-files--file-name"
              title=""
            />
            <span
              className="md-content__hover-files--file-size"
            />
          </div>
        </div>
      </div>
    </ChatContentItem>
  </div>
</ContentItem>
`;
