// Jest Snapshot v1, https://goo.gl/fbAQLP

exports[`CodeInput snapshot should match snapshot 1`] = `
<CodeInput
  numDigits={6}
>
  <div
    className="md-code-input-wrapper"
    data-level="none"
  >
    <VerificationInput
      autoFocus={false}
      classNames={
        {
          "character": "md-code-input-character",
          "characterInactive": "md-code-input-character--inactive",
          "characterSelected": "md-code-input-character--selected",
        }
      }
      containerProps={
        {
          "className": "md-code-input-container",
        }
      }
      inputProps={
        {
          "aria-describedby": undefined,
          "aria-label": undefined,
          "className": "md-code-input-input",
          "disabled": false,
          "id": undefined,
          "name": undefined,
        }
      }
      length={6}
      onChange={[Function]}
      onFocus={[Function]}
      placeholder=""
      validChars="0-9"
      value=""
    >
      <div
        className="vi__container md-code-input-container"
        data-testid="container"
        onClick={[Function]}
      >
        <input
          className="vi md-code-input-input"
          disabled={false}
          onBlur={[Function]}
          onChange={[Function]}
          onFocus={[Function]}
          onKeyDown={[Function]}
          onSelect={[Function]}
          spellCheck={false}
          value=""
        />
        <div
          className="vi__character md-code-input-character"
          data-testid="character-0"
          id="field-0"
          key="0"
          onClick={[Function]}
        />
        <div
          className="vi__character md-code-input-character vi__character--inactive md-code-input-character--inactive"
          data-testid="character-1"
          id="field-1"
          key="1"
          onClick={[Function]}
        />
        <div
          className="vi__character md-code-input-character vi__character--inactive md-code-input-character--inactive"
          data-testid="character-2"
          id="field-2"
          key="2"
          onClick={[Function]}
        />
        <div
          className="vi__character md-code-input-character vi__character--inactive md-code-input-character--inactive"
          data-testid="character-3"
          id="field-3"
          key="3"
          onClick={[Function]}
        />
        <div
          className="vi__character md-code-input-character vi__character--inactive md-code-input-character--inactive"
          data-testid="character-4"
          id="field-4"
          key="4"
          onClick={[Function]}
        />
        <div
          className="vi__character md-code-input-character vi__character--inactive md-code-input-character--inactive"
          data-testid="character-5"
          id="field-5"
          key="5"
          onClick={[Function]}
        />
      </div>
      <style
        dangerouslySetInnerHTML={
          {
            "__html": [
              [
                28,
                ".vi {
  top: 0;
  right: 0;
  bottom: 0;
  left: 0;
  box-sizing: border-box;
  position: absolute;
  color: transparent;
  background: transparent;
  caret-color: transparent;
  outline: none;
  border: 0 none transparent;
}

.vi::-ms-reveal,
.vi::-ms-clear {
  display: none;
}

.vi::selection {
  background: transparent;
}

/* :where() gives the styles specificity 0, which makes them overridable */
:where(.vi__container) {
  position: relative;
  display: flex;
  gap: 8px;
  height: 50px;
  width: 300px;
}

:where(.vi__character) {
  height: 100%;
  flex-grow: 1;
  flex-basis: 0;
  text-align: center;
  font-size: 36px;
  line-height: 50px;
  color: black;
  background-color: white;
  border: 1px solid black;
  cursor: default;
  user-select: none;
  box-sizing: border-box;
}

:where(.vi__character--inactive) {
  color: dimgray;
  background-color: lightgray;
}

:where(.vi__character--selected) {
  outline: 2px solid cornflowerblue;
  color: cornflowerblue;
}
",
                "",
              ],
            ],
          }
        }
      />
    </VerificationInput>
    <div
      className="md-code-input__messages"
    />
  </div>
</CodeInput>
`;
