// Jest Snapshot v1, https://goo.gl/fbAQLP

exports[`tests for <Alert /> should match SnapShot 1`] = `
<Alert
  closable={true}
  dismissBtnProps={null}
  message=""
  show={true}
  title=""
  type="info"
>
  <div
    className="md-alert md-alert--info"
  >
    <div
      className="md-alert__icon"
    />
    <div
      className="md-alert__content"
    >
      <div
        className="md-alert__title"
      />
      <div
        className="md-alert__message"
      />
    </div>
    <div
      className="md-alert__button"
    >
      <ContextTransform(Button)
        circle={true}
        size={44}
      >
        <Button
          active={false}
          ariaLabel=""
          ariaLabelledBy=""
          ariaPressed={null}
          circle={true}
          className=""
          color=""
          containerLarge={false}
          disabled={false}
          eventKey=""
          expand={false}
          href=""
          id=""
          keyboardKey=""
          label=""
          large={false}
          loading={false}
          onClick={null}
          parentKeyDown={null}
          parentOnSelect={null}
          preventKeyboardDoubleClick={false}
          removeStyle={false}
          size={44}
          style={{}}
          tag="button"
          type="button"
        >
          <Component
            name={[Function]}
          >
            <UID
              idSource={
                {
                  "prefix": "",
                  "uid": [Function],
                  "value": 2,
                }
              }
              name={[Function]}
            >
              <button
                alt=""
                aria-labelledby=""
                aria-pressed={null}
                className="md-button md-button--circle md-button--44"
                data-md-event-key="md-button-1"
                disabled={false}
                id="md-button-1"
                onClick={[Function]}
                onKeyDown={[Function]}
                onKeyUp={[Function]}
                style={
                  {
                    "style": {},
                  }
                }
                tabIndex={0}
                type="button"
              >
                <span
                  className="md-button__children"
                  key="child-1"
                  style={
                    {
                      "opacity": "1",
                    }
                  }
                >
                  <Icon
                    append={false}
                    ariaLabel={null}
                    buttonClassName=""
                    buttonProps={null}
                    className=""
                    color=""
                    description=""
                    name="cancel_16"
                    onClick={null}
                    prepend={false}
                    size={null}
                    sizeOverride={false}
                    style={null}
                    title=""
                    type=""
                  >
                    <i
                      aria-label={null}
                      className="md-icon icon icon-cancel_16"
                      style={
                        {
                          "fontSize": 16,
                        }
                      }
                    />
                  </Icon>
                </span>
              </button>
            </UID>
          </Component>
        </Button>
      </ContextTransform(Button)>
    </div>
  </div>
</Alert>
`;
