// Jest Snapshot v1, https://goo.gl/fbAQLP

exports[`tests for <SpaceListMeeting /> should match SnapShot 1`] = `
<SpaceListMeeting
  attendees={[]}
  buttonAriaLabel={null}
  buttonClassName=""
  buttonLabel=""
  buttonOnClick={null}
  buttonTabIndex="0"
  childrenLeft={null}
  childrenRight={null}
  className=""
  eventOverlayProps={null}
  header="header"
  id=""
  isBold={false}
  isMessagingOnlyShare={false}
  meetingType=""
  subheader=""
  theme=""
  title=""
>
  <ContextTransform(ListItem)
    className="md-list-item--space-meeting"
    id=""
    title="header"
    type="space"
  >
    <ListItem
      active={false}
      className="md-list-item--space-meeting"
      customAnchorNode={null}
      customRefProp=""
      disabled={false}
      eventKey=""
      focus={false}
      focusLockTabbableChildren={false}
      focusLockTabbableChildrenProps={
        {
          "portalNodeQuery": "",
          "tabbableChildrenHasPopover": false,
          "tabbableChildrenQuery": "",
        }
      }
      focusOnLoad={false}
      id=""
      isReadOnly={false}
      itemIndex={null}
      keyboardKey=""
      label=""
      link=""
      onBlur={null}
      onClick={null}
      onKeyDown={null}
      parentKeyDown={null}
      parentOnSelect={null}
      refName="navLink"
      role="listitem"
      separator={false}
      specifyRoleWithoutList={false}
      title="header"
      type="space"
      value=""
    >
      <Component
        name={[Function]}
      >
        <UID
          idSource={
            {
              "prefix": "",
              "uid": [Function],
              "value": 2,
            }
          }
          name={[Function]}
        >
          <div
            className="md-list-item md-list-item--space md-list-item--space-meeting"
            data-md-event-key="md-list-item-1"
            data-md-keyboard-key="header"
            id="md-list-item-1"
            onBlur={[Function]}
            onClick={[Function]}
            onKeyDown={[Function]}
            role="listitem"
            tabIndex={-1}
            title="header"
          >
            <ListItemSection
              className=""
              key="child-0"
              position="left"
            >
              <div
                className="md-list-item__left"
              >
                <Avatar
                  alt="header"
                  backgroundColor=""
                  buttonClassName=""
                  className="md-list-item__avatar"
                  color=""
                  failureBadge={false}
                  hasNotification={false}
                  hideDefaultTooltip={false}
                  icon={null}
                  initials={null}
                  isDecrypting={false}
                  isOverview={false}
                  onClick={null}
                  size="medium"
                  src={null}
                  theme={null}
                  title="header"
                  type=""
                >
                  <div
                    className="md-avatar md-avatar--medium md-list-item__avatar"
                    title="header"
                  >
                    <span
                      className="md-avatar__letter"
                      key="letter"
                      style={
                        {
                          "backgroundColor": "",
                          "color": "",
                        }
                      }
                    >
                      h
                    </span>
                  </div>
                </Avatar>
              </div>
            </ListItemSection>
            <ListItemSection
              className=""
              key="child-1"
              position="center"
            >
              <div
                className="md-list-item__center"
              >
                <div
                  className="md-list-item__header"
                >
                  header
                </div>
                <div
                  className="md-list-item__subheader"
                />
              </div>
            </ListItemSection>
            <ListItemSection
              className=""
              key="child-2"
              position="right"
            >
              <div
                className="md-list-item__right"
              />
            </ListItemSection>
          </div>
        </UID>
      </Component>
    </ListItem>
  </ContextTransform(ListItem)>
</SpaceListMeeting>
`;
