// Jest Snapshot v1, https://goo.gl/fbAQLP

exports[`tests for <ListSeparator /> should match SnapShot 1`] = `
<ListSeparator
  className={null}
  lineColor={null}
  margin={null}
  text={null}
  textColor={null}
  textPadding={null}
>
  <div
    className="md-list-separator"
    style={{}}
  >
    <span
      className="md-list-separator__container"
    />
  </div>
</ListSeparator>
`;
