// Jest Snapshot v1, https://goo.gl/fbAQLP

exports[`tests for <ButtonGroup /> should match SnapShot 1`] = `
<ButtonGroup
  active=""
  ariaLabel=""
  className=""
  focusFirstQuery=""
  focusOnLoad={false}
  focusQuery=""
  highlightSelected={true}
  justified={true}
  onSelect={null}
  pillWidth="60px"
  theme=""
  type=""
>
  <div
    aria-label=""
    className="md-button-group md-button-group--justified"
    role="group"
  >
    <Component>
      <ContextTransform(Button)
        ariaLabel="test"
      >
        <Button
          active={false}
          ariaLabel="test"
          ariaLabelledBy=""
          ariaPressed={null}
          circle={false}
          className=""
          color=""
          containerLarge={false}
          disabled={false}
          eventKey=""
          expand={false}
          href=""
          id=""
          keyboardKey=""
          label=""
          large={false}
          loading={false}
          onClick={null}
          parentKeyDown={[Function]}
          parentOnSelect={[Function]}
          preventKeyboardDoubleClick={false}
          removeStyle={false}
          size={36}
          style={{}}
          tag="button"
          type="button"
        >
          <Component
            name={[Function]}
          >
            <UID
              idSource={
                {
                  "prefix": "",
                  "uid": [Function],
                  "value": 1,
                }
              }
              name={[Function]}
            >
              <button
                alt="test"
                aria-current="true"
                aria-label="test"
                aria-pressed={null}
                className="md-button md-button--36"
                data-md-event-key="md-button-1"
                data-md-keyboard-key="1"
                disabled={false}
                id="md-button-1"
                onClick={[Function]}
                onKeyDown={[Function]}
                onKeyUp={[Function]}
                style={
                  {
                    "style": {},
                    "width": "60px",
                  }
                }
                tabIndex={0}
                type="button"
              >
                <span
                  className="md-button__children"
                  key="child-1"
                  style={
                    {
                      "opacity": "1",
                    }
                  }
                >
                  1
                </span>
              </button>
            </UID>
          </Component>
        </Button>
      </ContextTransform(Button)>
    </Component>
  </div>
</ButtonGroup>
`;
