// Jest Snapshot v1, https://goo.gl/fbAQLP

exports[`<OverlayAlert /> snapshot should match snapshot 1`] = `
<OverlayAlert>
  <Overlay
    className="md-overlay-alert-wrapper"
    color="secondary"
    onKeyDown={[Function]}
  >
    <div
      className="md-overlay-alert-wrapper md-overlay-wrapper"
      data-color="secondary"
      data-fullscreen={false}
      onKeyDown={[Function]}
    >
      <ModalContainer
        className="md-overlay-alert-modal-container"
        focusLockProps={
          {
            "restoreFocus": true,
          }
        }
        round={75}
      >
        <FocusScope
          autoFocus={true}
          contain={true}
          restoreFocus={true}
        >
          <span
            data-focus-scope-start={true}
            hidden={true}
          />
          <div
            aria-modal={true}
            className="md-overlay-alert-modal-container md-modal-container-wrapper"
            data-color="primary"
            data-elevation={0}
            data-padded={false}
            data-round={75}
            role="dialog"
          >
            <div>
              <div />
            </div>
            <div />
            <div />
          </div>
          <span
            data-focus-scope-end={true}
            hidden={true}
          />
        </FocusScope>
      </ModalContainer>
    </div>
  </Overlay>
</OverlayAlert>
`;

exports[`<OverlayAlert /> snapshot should match snapshot with actions 1`] = `
<OverlayAlert
  actions={
    <ButtonPill>
      Button Pill
    </ButtonPill>
  }
>
  <Overlay
    className="md-overlay-alert-wrapper"
    color="secondary"
    onKeyDown={[Function]}
  >
    <div
      className="md-overlay-alert-wrapper md-overlay-wrapper"
      data-color="secondary"
      data-fullscreen={false}
      onKeyDown={[Function]}
    >
      <ModalContainer
        className="md-overlay-alert-modal-container"
        focusLockProps={
          {
            "restoreFocus": true,
          }
        }
        round={75}
      >
        <FocusScope
          autoFocus={true}
          contain={true}
          restoreFocus={true}
        >
          <span
            data-focus-scope-start={true}
            hidden={true}
          />
          <div
            aria-modal={true}
            className="md-overlay-alert-modal-container md-modal-container-wrapper"
            data-color="primary"
            data-elevation={0}
            data-padded={false}
            data-round={75}
            role="dialog"
          >
            <div>
              <div />
            </div>
            <div />
            <div>
              <ButtonPill>
                <ButtonSimple
                  aria-disabled={false}
                  className="md-button-pill-wrapper"
                  data-color="primary"
                  data-disabled={false}
                  data-ghost={false}
                  data-grown={false}
                  data-inverted={false}
                  data-outline={false}
                  data-shallow-disabled={false}
                  data-size={40}
                >
                  <FocusRing>
                    <FocusRing
                      focusClass="md-focus-ring-wrapper children"
                      focusRingClass="md-focus-ring-wrapper children"
                    >
                      <button
                        className="md-button-pill-wrapper md-button-simple-wrapper"
                        data-color="primary"
                        data-disabled={false}
                        data-ghost={false}
                        data-grown={false}
                        data-inverted={false}
                        data-outline={false}
                        data-shallow-disabled={false}
                        data-size={40}
                        onBlur={[Function]}
                        onClick={[Function]}
                        onDragStart={[Function]}
                        onFocus={[Function]}
                        onKeyDown={[Function]}
                        onKeyUp={[Function]}
                        onMouseDown={[Function]}
                        onMouseEnter={[Function]}
                        onMouseLeave={[Function]}
                        onMouseUp={[Function]}
                        onTouchCancel={[Function]}
                        onTouchEnd={[Function]}
                        onTouchMove={[Function]}
                        onTouchStart={[Function]}
                        type="button"
                      >
                        <span>
                          Button Pill
                        </span>
                      </button>
                    </FocusRing>
                  </FocusRing>
                </ButtonSimple>
              </ButtonPill>
            </div>
          </div>
          <span
            data-focus-scope-end={true}
            hidden={true}
          />
        </FocusScope>
      </ModalContainer>
    </div>
  </Overlay>
</OverlayAlert>
`;

exports[`<OverlayAlert /> snapshot should match snapshot with aria props 1`] = `
<OverlayAlert
  ariaDescribedby="test-aria-describedby"
  ariaLabel="test-aria-label"
  ariaLabelledby="test-aria-labelledby"
>
  <Overlay
    className="md-overlay-alert-wrapper"
    color="secondary"
    onKeyDown={[Function]}
  >
    <div
      className="md-overlay-alert-wrapper md-overlay-wrapper"
      data-color="secondary"
      data-fullscreen={false}
      onKeyDown={[Function]}
    >
      <ModalContainer
        aria-describedby="test-aria-describedby"
        aria-label="test-aria-label"
        aria-labelledby="test-aria-labelledby"
        className="md-overlay-alert-modal-container"
        focusLockProps={
          {
            "restoreFocus": true,
          }
        }
        round={75}
      >
        <FocusScope
          autoFocus={true}
          contain={true}
          restoreFocus={true}
        >
          <span
            data-focus-scope-start={true}
            hidden={true}
          />
          <div
            aria-describedby="test-aria-describedby"
            aria-label="test-aria-label"
            aria-labelledby="test-aria-labelledby"
            aria-modal={true}
            className="md-overlay-alert-modal-container md-modal-container-wrapper"
            data-color="primary"
            data-elevation={0}
            data-padded={false}
            data-round={75}
            role="dialog"
          >
            <div>
              <div />
            </div>
            <div>
              example-children
            </div>
            <div />
          </div>
          <span
            data-focus-scope-end={true}
            hidden={true}
          />
        </FocusScope>
      </ModalContainer>
    </div>
  </Overlay>
</OverlayAlert>
`;

exports[`<OverlayAlert /> snapshot should match snapshot with className 1`] = `
<OverlayAlert
  className="example-class"
>
  <Overlay
    className="example-class md-overlay-alert-wrapper"
    color="secondary"
    onKeyDown={[Function]}
  >
    <div
      className="example-class md-overlay-alert-wrapper md-overlay-wrapper"
      data-color="secondary"
      data-fullscreen={false}
      onKeyDown={[Function]}
    >
      <ModalContainer
        className="md-overlay-alert-modal-container"
        focusLockProps={
          {
            "restoreFocus": true,
          }
        }
        round={75}
      >
        <FocusScope
          autoFocus={true}
          contain={true}
          restoreFocus={true}
        >
          <span
            data-focus-scope-start={true}
            hidden={true}
          />
          <div
            aria-modal={true}
            className="md-overlay-alert-modal-container md-modal-container-wrapper"
            data-color="primary"
            data-elevation={0}
            data-padded={false}
            data-round={75}
            role="dialog"
          >
            <div>
              <div />
            </div>
            <div />
            <div />
          </div>
          <span
            data-focus-scope-end={true}
            hidden={true}
          />
        </FocusScope>
      </ModalContainer>
    </div>
  </Overlay>
</OverlayAlert>
`;

exports[`<OverlayAlert /> snapshot should match snapshot with controls 1`] = `
<OverlayAlert
  controls={
    <ButtonControl
      control="close"
    />
  }
>
  <Overlay
    className="md-overlay-alert-wrapper"
    color="secondary"
    onKeyDown={[Function]}
  >
    <div
      className="md-overlay-alert-wrapper md-overlay-wrapper"
      data-color="secondary"
      data-fullscreen={false}
      onKeyDown={[Function]}
    >
      <ModalContainer
        className="md-overlay-alert-modal-container"
        focusLockProps={
          {
            "restoreFocus": true,
          }
        }
        round={75}
      >
        <FocusScope
          autoFocus={true}
          contain={true}
          restoreFocus={true}
        >
          <span
            data-focus-scope-start={true}
            hidden={true}
          />
          <div
            aria-modal={true}
            className="md-overlay-alert-modal-container md-modal-container-wrapper"
            data-color="primary"
            data-elevation={0}
            data-padded={false}
            data-round={75}
            role="dialog"
          >
            <div>
              <div>
                <ButtonControl
                  control="close"
                >
                  <ButtonSimple
                    className="md-button-control-wrapper"
                  >
                    <FocusRing>
                      <FocusRing
                        focusClass="md-focus-ring-wrapper children"
                        focusRingClass="md-focus-ring-wrapper children"
                      >
                        <button
                          className="md-button-control-wrapper md-button-simple-wrapper"
                          onBlur={[Function]}
                          onClick={[Function]}
                          onDragStart={[Function]}
                          onFocus={[Function]}
                          onKeyDown={[Function]}
                          onKeyUp={[Function]}
                          onMouseDown={[Function]}
                          onMouseEnter={[Function]}
                          onMouseLeave={[Function]}
                          onMouseUp={[Function]}
                          onTouchCancel={[Function]}
                          onTouchEnd={[Function]}
                          onTouchMove={[Function]}
                          onTouchStart={[Function]}
                          type="button"
                        >
                          <Icon
                            autoScale={true}
                            name="cancel"
                            weight="bold"
                          />
                        </button>
                      </FocusRing>
                    </FocusRing>
                  </ButtonSimple>
                </ButtonControl>
              </div>
            </div>
            <div />
            <div />
          </div>
          <span
            data-focus-scope-end={true}
            hidden={true}
          />
        </FocusScope>
      </ModalContainer>
    </div>
  </Overlay>
</OverlayAlert>
`;

exports[`<OverlayAlert /> snapshot should match snapshot with details 1`] = `
<OverlayAlert
  details="example-details"
>
  <Overlay
    className="md-overlay-alert-wrapper"
    color="secondary"
    onKeyDown={[Function]}
  >
    <div
      className="md-overlay-alert-wrapper md-overlay-wrapper"
      data-color="secondary"
      data-fullscreen={false}
      onKeyDown={[Function]}
    >
      <ModalContainer
        aria-describedby="test-ID"
        className="md-overlay-alert-modal-container"
        focusLockProps={
          {
            "restoreFocus": true,
          }
        }
        round={75}
      >
        <FocusScope
          autoFocus={true}
          contain={true}
          restoreFocus={true}
        >
          <span
            data-focus-scope-start={true}
            hidden={true}
          />
          <div
            aria-describedby="test-ID"
            aria-modal={true}
            className="md-overlay-alert-modal-container md-modal-container-wrapper"
            data-color="primary"
            data-elevation={0}
            data-padded={false}
            data-round={75}
            role="dialog"
          >
            <div>
              <div />
            </div>
            <div>
              <Text
                className="md-overlay-alert-details"
                id="test-ID"
                type="body-primary"
              >
                <p
                  className="md-text-wrapper md-overlay-alert-details"
                  data-type="body-primary"
                  id="test-ID"
                >
                  example-details
                </p>
              </Text>
            </div>
            <div />
          </div>
          <span
            data-focus-scope-end={true}
            hidden={true}
          />
        </FocusScope>
      </ModalContainer>
    </div>
  </Overlay>
</OverlayAlert>
`;

exports[`<OverlayAlert /> snapshot should match snapshot with details and children 1`] = `
<OverlayAlert
  details="example-details"
>
  <Overlay
    className="md-overlay-alert-wrapper"
    color="secondary"
    onKeyDown={[Function]}
  >
    <div
      className="md-overlay-alert-wrapper md-overlay-wrapper"
      data-color="secondary"
      data-fullscreen={false}
      onKeyDown={[Function]}
    >
      <ModalContainer
        className="md-overlay-alert-modal-container"
        focusLockProps={
          {
            "restoreFocus": true,
          }
        }
        round={75}
      >
        <FocusScope
          autoFocus={true}
          contain={true}
          restoreFocus={true}
        >
          <span
            data-focus-scope-start={true}
            hidden={true}
          />
          <div
            aria-modal={true}
            className="md-overlay-alert-modal-container md-modal-container-wrapper"
            data-color="primary"
            data-elevation={0}
            data-padded={false}
            data-round={75}
            role="dialog"
          >
            <div>
              <div />
            </div>
            <div>
              example-children
            </div>
            <div />
          </div>
          <span
            data-focus-scope-end={true}
            hidden={true}
          />
        </FocusScope>
      </ModalContainer>
    </div>
  </Overlay>
</OverlayAlert>
`;

exports[`<OverlayAlert /> snapshot should match snapshot with id 1`] = `
<OverlayAlert
  id="example-id"
>
  <Overlay
    className="md-overlay-alert-wrapper"
    color="secondary"
    id="example-id"
    onKeyDown={[Function]}
  >
    <div
      className="md-overlay-alert-wrapper md-overlay-wrapper"
      data-color="secondary"
      data-fullscreen={false}
      id="example-id"
      onKeyDown={[Function]}
    >
      <ModalContainer
        className="md-overlay-alert-modal-container"
        focusLockProps={
          {
            "restoreFocus": true,
          }
        }
        round={75}
      >
        <FocusScope
          autoFocus={true}
          contain={true}
          restoreFocus={true}
        >
          <span
            data-focus-scope-start={true}
            hidden={true}
          />
          <div
            aria-modal={true}
            className="md-overlay-alert-modal-container md-modal-container-wrapper"
            data-color="primary"
            data-elevation={0}
            data-padded={false}
            data-round={75}
            role="dialog"
          >
            <div>
              <div />
            </div>
            <div />
            <div />
          </div>
          <span
            data-focus-scope-end={true}
            hidden={true}
          />
        </FocusScope>
      </ModalContainer>
    </div>
  </Overlay>
</OverlayAlert>
`;

exports[`<OverlayAlert /> snapshot should match snapshot with multiple actions 1`] = `
<OverlayAlert
  actions={
    <React.Fragment>
      <ButtonPill>
        Button Pill
      </ButtonPill>
      ,
      <ButtonPill>
        Button Pill
      </ButtonPill>
      ,
      <ButtonPill>
        Button Pill
      </ButtonPill>
      ,
    </React.Fragment>
  }
>
  <Overlay
    className="md-overlay-alert-wrapper"
    color="secondary"
    onKeyDown={[Function]}
  >
    <div
      className="md-overlay-alert-wrapper md-overlay-wrapper"
      data-color="secondary"
      data-fullscreen={false}
      onKeyDown={[Function]}
    >
      <ModalContainer
        className="md-overlay-alert-modal-container"
        focusLockProps={
          {
            "restoreFocus": true,
          }
        }
        round={75}
      >
        <FocusScope
          autoFocus={true}
          contain={true}
          restoreFocus={true}
        >
          <span
            data-focus-scope-start={true}
            hidden={true}
          />
          <div
            aria-modal={true}
            className="md-overlay-alert-modal-container md-modal-container-wrapper"
            data-color="primary"
            data-elevation={0}
            data-padded={false}
            data-round={75}
            role="dialog"
          >
            <div>
              <div />
            </div>
            <div />
            <div>
              <ButtonPill
                key="0"
              >
                <ButtonSimple
                  aria-disabled={false}
                  className="md-button-pill-wrapper"
                  data-color="primary"
                  data-disabled={false}
                  data-ghost={false}
                  data-grown={false}
                  data-inverted={false}
                  data-outline={false}
                  data-shallow-disabled={false}
                  data-size={40}
                >
                  <FocusRing>
                    <FocusRing
                      focusClass="md-focus-ring-wrapper children"
                      focusRingClass="md-focus-ring-wrapper children"
                    >
                      <button
                        className="md-button-pill-wrapper md-button-simple-wrapper"
                        data-color="primary"
                        data-disabled={false}
                        data-ghost={false}
                        data-grown={false}
                        data-inverted={false}
                        data-outline={false}
                        data-shallow-disabled={false}
                        data-size={40}
                        onBlur={[Function]}
                        onClick={[Function]}
                        onDragStart={[Function]}
                        onFocus={[Function]}
                        onKeyDown={[Function]}
                        onKeyUp={[Function]}
                        onMouseDown={[Function]}
                        onMouseEnter={[Function]}
                        onMouseLeave={[Function]}
                        onMouseUp={[Function]}
                        onTouchCancel={[Function]}
                        onTouchEnd={[Function]}
                        onTouchMove={[Function]}
                        onTouchStart={[Function]}
                        type="button"
                      >
                        <span>
                          Button Pill
                        </span>
                      </button>
                    </FocusRing>
                  </FocusRing>
                </ButtonSimple>
              </ButtonPill>
              ,
              <ButtonPill
                key="1"
              >
                <ButtonSimple
                  aria-disabled={false}
                  className="md-button-pill-wrapper"
                  data-color="primary"
                  data-disabled={false}
                  data-ghost={false}
                  data-grown={false}
                  data-inverted={false}
                  data-outline={false}
                  data-shallow-disabled={false}
                  data-size={40}
                >
                  <FocusRing>
                    <FocusRing
                      focusClass="md-focus-ring-wrapper children"
                      focusRingClass="md-focus-ring-wrapper children"
                    >
                      <button
                        className="md-button-pill-wrapper md-button-simple-wrapper"
                        data-color="primary"
                        data-disabled={false}
                        data-ghost={false}
                        data-grown={false}
                        data-inverted={false}
                        data-outline={false}
                        data-shallow-disabled={false}
                        data-size={40}
                        onBlur={[Function]}
                        onClick={[Function]}
                        onDragStart={[Function]}
                        onFocus={[Function]}
                        onKeyDown={[Function]}
                        onKeyUp={[Function]}
                        onMouseDown={[Function]}
                        onMouseEnter={[Function]}
                        onMouseLeave={[Function]}
                        onMouseUp={[Function]}
                        onTouchCancel={[Function]}
                        onTouchEnd={[Function]}
                        onTouchMove={[Function]}
                        onTouchStart={[Function]}
                        type="button"
                      >
                        <span>
                          Button Pill
                        </span>
                      </button>
                    </FocusRing>
                  </FocusRing>
                </ButtonSimple>
              </ButtonPill>
              ,
              <ButtonPill
                key="2"
              >
                <ButtonSimple
                  aria-disabled={false}
                  className="md-button-pill-wrapper"
                  data-color="primary"
                  data-disabled={false}
                  data-ghost={false}
                  data-grown={false}
                  data-inverted={false}
                  data-outline={false}
                  data-shallow-disabled={false}
                  data-size={40}
                >
                  <FocusRing>
                    <FocusRing
                      focusClass="md-focus-ring-wrapper children"
                      focusRingClass="md-focus-ring-wrapper children"
                    >
                      <button
                        className="md-button-pill-wrapper md-button-simple-wrapper"
                        data-color="primary"
                        data-disabled={false}
                        data-ghost={false}
                        data-grown={false}
                        data-inverted={false}
                        data-outline={false}
                        data-shallow-disabled={false}
                        data-size={40}
                        onBlur={[Function]}
                        onClick={[Function]}
                        onDragStart={[Function]}
                        onFocus={[Function]}
                        onKeyDown={[Function]}
                        onKeyUp={[Function]}
                        onMouseDown={[Function]}
                        onMouseEnter={[Function]}
                        onMouseLeave={[Function]}
                        onMouseUp={[Function]}
                        onTouchCancel={[Function]}
                        onTouchEnd={[Function]}
                        onTouchMove={[Function]}
                        onTouchStart={[Function]}
                        type="button"
                      >
                        <span>
                          Button Pill
                        </span>
                      </button>
                    </FocusRing>
                  </FocusRing>
                </ButtonSimple>
              </ButtonPill>
              ,
            </div>
          </div>
          <span
            data-focus-scope-end={true}
            hidden={true}
          />
        </FocusScope>
      </ModalContainer>
    </div>
  </Overlay>
</OverlayAlert>
`;

exports[`<OverlayAlert /> snapshot should match snapshot with multiple controls 1`] = `
<OverlayAlert
  controls={
    <React.Fragment>
      <ButtonControl
        control="close"
      />
      ,
      <ButtonControl
        control="favorite"
      />
      ,
      <ButtonControl
        control="maximize"
      />
      ,
    </React.Fragment>
  }
>
  <Overlay
    className="md-overlay-alert-wrapper"
    color="secondary"
    onKeyDown={[Function]}
  >
    <div
      className="md-overlay-alert-wrapper md-overlay-wrapper"
      data-color="secondary"
      data-fullscreen={false}
      onKeyDown={[Function]}
    >
      <ModalContainer
        className="md-overlay-alert-modal-container"
        focusLockProps={
          {
            "restoreFocus": true,
          }
        }
        round={75}
      >
        <FocusScope
          autoFocus={true}
          contain={true}
          restoreFocus={true}
        >
          <span
            data-focus-scope-start={true}
            hidden={true}
          />
          <div
            aria-modal={true}
            className="md-overlay-alert-modal-container md-modal-container-wrapper"
            data-color="primary"
            data-elevation={0}
            data-padded={false}
            data-round={75}
            role="dialog"
          >
            <div>
              <div>
                <ButtonControl
                  control="close"
                  key="0"
                >
                  <ButtonSimple
                    className="md-button-control-wrapper"
                  >
                    <FocusRing>
                      <FocusRing
                        focusClass="md-focus-ring-wrapper children"
                        focusRingClass="md-focus-ring-wrapper children"
                      >
                        <button
                          className="md-button-control-wrapper md-button-simple-wrapper"
                          onBlur={[Function]}
                          onClick={[Function]}
                          onDragStart={[Function]}
                          onFocus={[Function]}
                          onKeyDown={[Function]}
                          onKeyUp={[Function]}
                          onMouseDown={[Function]}
                          onMouseEnter={[Function]}
                          onMouseLeave={[Function]}
                          onMouseUp={[Function]}
                          onTouchCancel={[Function]}
                          onTouchEnd={[Function]}
                          onTouchMove={[Function]}
                          onTouchStart={[Function]}
                          type="button"
                        >
                          <Icon
                            autoScale={true}
                            name="cancel"
                            weight="bold"
                          />
                        </button>
                      </FocusRing>
                    </FocusRing>
                  </ButtonSimple>
                </ButtonControl>
                ,
                <ButtonControl
                  control="favorite"
                  key="1"
                >
                  <ButtonSimple
                    className="md-button-control-wrapper"
                  >
                    <FocusRing>
                      <FocusRing
                        focusClass="md-focus-ring-wrapper children"
                        focusRingClass="md-focus-ring-wrapper children"
                      >
                        <button
                          className="md-button-control-wrapper md-button-simple-wrapper"
                          onBlur={[Function]}
                          onClick={[Function]}
                          onDragStart={[Function]}
                          onFocus={[Function]}
                          onKeyDown={[Function]}
                          onKeyUp={[Function]}
                          onMouseDown={[Function]}
                          onMouseEnter={[Function]}
                          onMouseLeave={[Function]}
                          onMouseUp={[Function]}
                          onTouchCancel={[Function]}
                          onTouchEnd={[Function]}
                          onTouchMove={[Function]}
                          onTouchStart={[Function]}
                          type="button"
                        >
                          <Icon
                            autoScale={true}
                            color="var(--mds-color-theme-text-warning-normal)"
                            name="favorite"
                            weight="filled"
                          />
                        </button>
                      </FocusRing>
                    </FocusRing>
                  </ButtonSimple>
                </ButtonControl>
                ,
                <ButtonControl
                  control="maximize"
                  key="2"
                >
                  <ButtonSimple
                    className="md-button-control-wrapper"
                  >
                    <FocusRing>
                      <FocusRing
                        focusClass="md-focus-ring-wrapper children"
                        focusRingClass="md-focus-ring-wrapper children"
                      >
                        <button
                          className="md-button-control-wrapper md-button-simple-wrapper"
                          onBlur={[Function]}
                          onClick={[Function]}
                          onDragStart={[Function]}
                          onFocus={[Function]}
                          onKeyDown={[Function]}
                          onKeyUp={[Function]}
                          onMouseDown={[Function]}
                          onMouseEnter={[Function]}
                          onMouseLeave={[Function]}
                          onMouseUp={[Function]}
                          onTouchCancel={[Function]}
                          onTouchEnd={[Function]}
                          onTouchMove={[Function]}
                          onTouchStart={[Function]}
                          type="button"
                        >
                          <Icon
                            autoScale={true}
                            name="arrow-up"
                            weight="bold"
                          />
                        </button>
                      </FocusRing>
                    </FocusRing>
                  </ButtonSimple>
                </ButtonControl>
                ,
              </div>
            </div>
            <div />
            <div />
          </div>
          <span
            data-focus-scope-end={true}
            hidden={true}
          />
        </FocusScope>
      </ModalContainer>
    </div>
  </Overlay>
</OverlayAlert>
`;

exports[`<OverlayAlert /> snapshot should match snapshot with style 1`] = `
<OverlayAlert
  style={
    {
      "color": "pink",
    }
  }
>
  <Overlay
    className="md-overlay-alert-wrapper"
    color="secondary"
    onKeyDown={[Function]}
    style={
      {
        "color": "pink",
      }
    }
  >
    <div
      className="md-overlay-alert-wrapper md-overlay-wrapper"
      data-color="secondary"
      data-fullscreen={false}
      onKeyDown={[Function]}
      style={
        {
          "color": "pink",
        }
      }
    >
      <ModalContainer
        className="md-overlay-alert-modal-container"
        focusLockProps={
          {
            "restoreFocus": true,
          }
        }
        round={75}
      >
        <FocusScope
          autoFocus={true}
          contain={true}
          restoreFocus={true}
        >
          <span
            data-focus-scope-start={true}
            hidden={true}
          />
          <div
            aria-modal={true}
            className="md-overlay-alert-modal-container md-modal-container-wrapper"
            data-color="primary"
            data-elevation={0}
            data-padded={false}
            data-round={75}
            role="dialog"
          >
            <div>
              <div />
            </div>
            <div />
            <div />
          </div>
          <span
            data-focus-scope-end={true}
            hidden={true}
          />
        </FocusScope>
      </ModalContainer>
    </div>
  </Overlay>
</OverlayAlert>
`;

exports[`<OverlayAlert /> snapshot should match snapshot with title 1`] = `
<OverlayAlert
  title="example-title"
>
  <Overlay
    className="md-overlay-alert-wrapper"
    color="secondary"
    onKeyDown={[Function]}
  >
    <div
      className="md-overlay-alert-wrapper md-overlay-wrapper"
      data-color="secondary"
      data-fullscreen={false}
      onKeyDown={[Function]}
    >
      <ModalContainer
        aria-labelledby="test-ID"
        className="md-overlay-alert-modal-container"
        focusLockProps={
          {
            "restoreFocus": true,
          }
        }
        round={75}
      >
        <FocusScope
          autoFocus={true}
          contain={true}
          restoreFocus={true}
        >
          <span
            data-focus-scope-start={true}
            hidden={true}
          />
          <div
            aria-labelledby="test-ID"
            aria-modal={true}
            className="md-overlay-alert-modal-container md-modal-container-wrapper"
            data-color="primary"
            data-elevation={0}
            data-padded={false}
            data-round={75}
            role="dialog"
          >
            <div>
              <div />
            </div>
            <div
              className="md-overlay-alert-title"
            >
              <Text
                className="md-overlay-alert-title"
                id="test-ID"
                type="title"
              >
                <h2
                  className="md-text-wrapper md-overlay-alert-title"
                  data-type="title"
                  id="test-ID"
                >
                  example-title
                </h2>
              </Text>
            </div>
            <div />
            <div />
          </div>
          <span
            data-focus-scope-end={true}
            hidden={true}
          />
        </FocusScope>
      </ModalContainer>
    </div>
  </Overlay>
</OverlayAlert>
`;
