// Jest Snapshot v1, https://goo.gl/fbAQLP

exports[`<Chip /> should match SnapShot 1`] = `
<Chip
  className=""
  fileDownloadLink=""
  fileType={null}
  leftContent={null}
  rightContent={null}
  subTitle=""
  title="Recording"
  type="recording"
>
  <div
    className="md-chip"
  >
    <div
      className="md-chip-left recording"
    >
      <Icon
        append={false}
        ariaLabel={null}
        buttonClassName=""
        buttonProps={null}
        className=""
        color="white"
        description=""
        name="play-circle_32"
        onClick={null}
        prepend={false}
        size={null}
        sizeOverride={false}
        style={null}
        title=""
        type=""
      >
        <i
          aria-label={null}
          className="md-icon icon icon-play-circle_32"
          style={
            {
              "color": "rgba(255, 255, 255, 1)",
              "fontSize": 32,
            }
          }
        />
      </Icon>
    </div>
    <div
      className="md-chip-center"
    >
      <div
        className="md-chip__title lead"
      >
        Recording
      </div>
    </div>
  </div>
</Chip>
`;
